{
  "job_id": "fixture-job-id",
  "issues": [
    {
      "id": "uuid-1",
      "doc_id": "fixture-job-id",
      "clause_path": "Section 5.2",
      "type": "GDPR",
      "citation": "UK GDPR Art. 28.3.d",
      "severity": "High",
      "confidence": 0.89,
      "status": "Open",
      "snippet": "No prior written authorisation for subprocessors.",
      "recommendation": "Add requirement for controller approval before engaging subprocessors.",
      "created_at": "2025-08-24T10:00:00Z"
    }
  ],
  "coverage": [
    {
      "article": "Art. 28.3.d",
      "status": "GAP",
      "details": "Subprocessor authorisation",
      "found_clauses": []
    }
  ],
  "summary": "1 high-severity compliance gap detected. See recommendations.",
  "confidence_score": 0.89,
  "processing_time_seconds": 2.2,
  "metadata": { "test_fixture": true }
}